Args in experiment:
Namespace(is_training=1, train_only=False, model_id='ETTh2_336_720', model='DLinear', data='ETTh2', root_path='./dataset/', data_path='ETTh2.csv', features='M', target='OT', freq='h', checkpoints='./checkpoints/', seq_len=336, label_len=48, pred_len=720, individual=False, embed_type=0, enc_in=7, dec_in=7, c_out=7, d_model=512, n_heads=8, e_layers=2, d_layers=1, d_ff=2048, moving_avg=25, factor=1, distil=True, dropout=0.05, embed='timeF', activation='gelu', output_attention=False, do_predict=False, num_workers=0, itr=1, train_epochs=10, batch_size=32, patience=3, learning_rate=0.05, des='Exp', loss='mse', lradj='type1', use_amp=False, use_gpu=True, gpu=0, use_multi_gpu=False, devices='0,1,2,3', test_flop=False, seed=2024)
Use GPU: cuda:0
>>>>>>>start training : ETTh2_336_720_DLinear_ETTh2_ftM_sl336_ll48_pl720_dm512_nh8_el2_dl1_df2048_fc1_ebtimeF_dtTrue_Exp_0>>>>>>>>>>>>>>>>>>>>>>>>>>
train 7585
val 2161
test 2161
	iters: 100, epoch: 1 | loss: 1.0328230
	speed: 0.0197s/iter; left time: 44.7335s
	iters: 200, epoch: 1 | loss: 1.0129453
	speed: 0.0028s/iter; left time: 6.1455s
Epoch: 1 cost time: 1.2377634048461914
Epoch: 1, Steps: 237 | Train Loss: 3.8519459 Vali Loss: 0.8336830 Test Loss: 0.9971344
Validation loss decreased (inf --> 0.833683).  Saving model ...
Updating learning rate to 0.05
	iters: 100, epoch: 2 | loss: 1.1195601
	speed: 0.0077s/iter; left time: 15.7019s
	iters: 200, epoch: 2 | loss: 0.8951424
	speed: 0.0031s/iter; left time: 6.0237s
Epoch: 2 cost time: 0.7172925472259521
Epoch: 2, Steps: 237 | Train Loss: 1.0508007 Vali Loss: 1.0834736 Test Loss: 1.8272501
EarlyStopping counter: 1 out of 3
Updating learning rate to 0.025
	iters: 100, epoch: 3 | loss: 0.5153921
	speed: 0.0072s/iter; left time: 12.9408s
	iters: 200, epoch: 3 | loss: 1.1102009
	speed: 0.0028s/iter; left time: 4.8315s
Epoch: 3 cost time: 0.6885581016540527
Epoch: 3, Steps: 237 | Train Loss: 0.8745106 Vali Loss: 0.7203902 Test Loss: 0.6489290
Validation loss decreased (0.833683 --> 0.720390).  Saving model ...
Updating learning rate to 0.0125
	iters: 100, epoch: 4 | loss: 0.8423488
	speed: 0.0073s/iter; left time: 11.3552s
	iters: 200, epoch: 4 | loss: 0.9508568
	speed: 0.0029s/iter; left time: 4.1752s
Epoch: 4 cost time: 0.6842226982116699
Epoch: 4, Steps: 237 | Train Loss: 0.7800440 Vali Loss: 0.7717355 Test Loss: 1.0938534
EarlyStopping counter: 1 out of 3
Updating learning rate to 0.00625
	iters: 100, epoch: 5 | loss: 0.7613236
	speed: 0.0073s/iter; left time: 9.6834s
	iters: 200, epoch: 5 | loss: 1.2181594
	speed: 0.0030s/iter; left time: 3.7033s
Epoch: 5 cost time: 0.7164161205291748
Epoch: 5, Steps: 237 | Train Loss: 0.7386445 Vali Loss: 0.6623542 Test Loss: 0.7031652
Validation loss decreased (0.720390 --> 0.662354).  Saving model ...
Updating learning rate to 0.003125
	iters: 100, epoch: 6 | loss: 0.5746609
	speed: 0.0075s/iter; left time: 8.1887s
	iters: 200, epoch: 6 | loss: 0.6994793
	speed: 0.0029s/iter; left time: 2.8767s
Epoch: 6 cost time: 0.7269344329833984
Epoch: 6, Steps: 237 | Train Loss: 0.7175745 Vali Loss: 0.6690426 Test Loss: 0.7408356
EarlyStopping counter: 1 out of 3
Updating learning rate to 0.0015625
	iters: 100, epoch: 7 | loss: 0.9232249
	speed: 0.0076s/iter; left time: 6.4509s
	iters: 200, epoch: 7 | loss: 0.6960575
	speed: 0.0031s/iter; left time: 2.3020s
Epoch: 7 cost time: 0.7380962371826172
Epoch: 7, Steps: 237 | Train Loss: 0.7079362 Vali Loss: 0.6805696 Test Loss: 0.8098158
EarlyStopping counter: 2 out of 3
Updating learning rate to 0.00078125
	iters: 100, epoch: 8 | loss: 0.6243105
	speed: 0.0076s/iter; left time: 4.6756s
	iters: 200, epoch: 8 | loss: 0.4085203
	speed: 0.0030s/iter; left time: 1.5152s
Epoch: 8 cost time: 0.6989500522613525
Epoch: 8, Steps: 237 | Train Loss: 0.7009261 Vali Loss: 0.6591218 Test Loss: 0.7012478
Validation loss decreased (0.662354 --> 0.659122).  Saving model ...
Updating learning rate to 0.000390625
	iters: 100, epoch: 9 | loss: 0.7194347
	speed: 0.0075s/iter; left time: 2.7959s
	iters: 200, epoch: 9 | loss: 0.7784615
	speed: 0.0031s/iter; left time: 0.8421s
Epoch: 9 cost time: 0.7285070419311523
Epoch: 9, Steps: 237 | Train Loss: 0.6976614 Vali Loss: 0.6715441 Test Loss: 0.7593977
EarlyStopping counter: 1 out of 3
Updating learning rate to 0.0001953125
	iters: 100, epoch: 10 | loss: 0.4711814
	speed: 0.0074s/iter; left time: 1.0200s
	iters: 200, epoch: 10 | loss: 0.5209893
	speed: 0.0031s/iter; left time: 0.1188s
Epoch: 10 cost time: 0.7112879753112793
Epoch: 10, Steps: 237 | Train Loss: 0.6957838 Vali Loss: 0.6569871 Test Loss: 0.6968275
Validation loss decreased (0.659122 --> 0.656987).  Saving model ...
Updating learning rate to 9.765625e-05
>>>>>>>testing : ETTh2_336_720_DLinear_ETTh2_ftM_sl336_ll48_pl720_dm512_nh8_el2_dl1_df2048_fc1_ebtimeF_dtTrue_Exp_0<<<<<<<<<<<<<<<<<<<<<<<<<<<<<<<<<
test 2161
mse:0.6958428025245667, mae:0.5945591330528259
