Args in experiment:
Namespace(is_training=1, train_only=False, model_id='ETTh2_336_720', model='DLinear', data='ETTh2', root_path='./dataset/', data_path='ETTh2.csv', features='M', target='OT', freq='h', checkpoints='./checkpoints/', seq_len=336, label_len=48, pred_len=720, individual=False, embed_type=0, enc_in=7, dec_in=7, c_out=7, d_model=512, n_heads=8, e_layers=2, d_layers=1, d_ff=2048, moving_avg=25, factor=1, distil=True, dropout=0.05, embed='timeF', activation='gelu', output_attention=False, do_predict=False, num_workers=0, itr=1, train_epochs=10, batch_size=32, patience=3, learning_rate=0.05, des='Exp', loss='mse', lradj='type1', use_amp=False, use_gpu=True, gpu=0, use_multi_gpu=False, devices='0,1,2,3', test_flop=False, seed=2025)
Use GPU: cuda:0
>>>>>>>start training : ETTh2_336_720_DLinear_ETTh2_ftM_sl336_ll48_pl720_dm512_nh8_el2_dl1_df2048_fc1_ebtimeF_dtTrue_Exp_0>>>>>>>>>>>>>>>>>>>>>>>>>>
train 7585
val 2161
test 2161
	iters: 100, epoch: 1 | loss: 0.7888910
	speed: 0.0193s/iter; left time: 43.7465s
	iters: 200, epoch: 1 | loss: 1.1484600
	speed: 0.0030s/iter; left time: 6.4064s
Epoch: 1 cost time: 1.2511670589447021
Epoch: 1, Steps: 237 | Train Loss: 3.7124817 Vali Loss: 0.8729535 Test Loss: 1.1482669
Validation loss decreased (inf --> 0.872954).  Saving model ...
Updating learning rate to 0.05
	iters: 100, epoch: 2 | loss: 0.9207696
	speed: 0.0077s/iter; left time: 15.6374s
	iters: 200, epoch: 2 | loss: 0.8576992
	speed: 0.0029s/iter; left time: 5.6196s
Epoch: 2 cost time: 0.7032110691070557
Epoch: 2, Steps: 237 | Train Loss: 1.0458064 Vali Loss: 1.0023828 Test Loss: 1.5298591
EarlyStopping counter: 1 out of 3
Updating learning rate to 0.025
	iters: 100, epoch: 3 | loss: 0.9018416
	speed: 0.0072s/iter; left time: 12.9251s
	iters: 200, epoch: 3 | loss: 0.9902521
	speed: 0.0032s/iter; left time: 5.3937s
Epoch: 3 cost time: 0.7358958721160889
Epoch: 3, Steps: 237 | Train Loss: 0.8784079 Vali Loss: 0.7606065 Test Loss: 0.9172726
Validation loss decreased (0.872954 --> 0.760607).  Saving model ...
Updating learning rate to 0.0125
	iters: 100, epoch: 4 | loss: 0.7509175
	speed: 0.0075s/iter; left time: 11.6527s
	iters: 200, epoch: 4 | loss: 0.6799140
	speed: 0.0030s/iter; left time: 4.3133s
Epoch: 4 cost time: 0.7033464908599854
Epoch: 4, Steps: 237 | Train Loss: 0.7812036 Vali Loss: 0.6733697 Test Loss: 0.6088802
Validation loss decreased (0.760607 --> 0.673370).  Saving model ...
Updating learning rate to 0.00625
	iters: 100, epoch: 5 | loss: 0.6382026
	speed: 0.0072s/iter; left time: 9.5887s
	iters: 200, epoch: 5 | loss: 0.8092909
	speed: 0.0030s/iter; left time: 3.7296s
Epoch: 5 cost time: 0.7162809371948242
Epoch: 5, Steps: 237 | Train Loss: 0.7411492 Vali Loss: 0.6892382 Test Loss: 0.7996020
EarlyStopping counter: 1 out of 3
Updating learning rate to 0.003125
	iters: 100, epoch: 6 | loss: 0.6156255
	speed: 0.0077s/iter; left time: 8.3993s
	iters: 200, epoch: 6 | loss: 1.0144365
	speed: 0.0031s/iter; left time: 3.0208s
Epoch: 6 cost time: 0.7298328876495361
Epoch: 6, Steps: 237 | Train Loss: 0.7184565 Vali Loss: 0.6900812 Test Loss: 0.8065375
EarlyStopping counter: 2 out of 3
Updating learning rate to 0.0015625
	iters: 100, epoch: 7 | loss: 0.4078854
	speed: 0.0073s/iter; left time: 6.1805s
	iters: 200, epoch: 7 | loss: 0.3941750
	speed: 0.0030s/iter; left time: 2.2467s
Epoch: 7 cost time: 0.7049200534820557
Epoch: 7, Steps: 237 | Train Loss: 0.7078580 Vali Loss: 0.7079120 Test Loss: 0.9362411
EarlyStopping counter: 3 out of 3
Early stopping
>>>>>>>testing : ETTh2_336_720_DLinear_ETTh2_ftM_sl336_ll48_pl720_dm512_nh8_el2_dl1_df2048_fc1_ebtimeF_dtTrue_Exp_0<<<<<<<<<<<<<<<<<<<<<<<<<<<<<<<<<
test 2161
mse:0.6082983613014221, mae:0.555009663105011
