Args in experiment:
Namespace(is_training=1, train_only=False, model_id='ETTh2_336_336', model='DLinear', data='ETTh2', root_path='./dataset/', data_path='ETTh2.csv', features='M', target='OT', freq='h', checkpoints='./checkpoints/', seq_len=336, label_len=48, pred_len=336, individual=False, embed_type=0, enc_in=7, dec_in=7, c_out=7, d_model=512, n_heads=8, e_layers=2, d_layers=1, d_ff=2048, moving_avg=25, factor=1, distil=True, dropout=0.05, embed='timeF', activation='gelu', output_attention=False, do_predict=False, num_workers=0, itr=1, train_epochs=10, batch_size=32, patience=3, learning_rate=0.05, des='Exp', loss='mse', lradj='type1', use_amp=False, use_gpu=True, gpu=0, use_multi_gpu=False, devices='0,1,2,3', test_flop=False, seed=2023)
Use GPU: cuda:0
>>>>>>>start training : ETTh2_336_336_DLinear_ETTh2_ftM_sl336_ll48_pl336_dm512_nh8_el2_dl1_df2048_fc1_ebtimeF_dtTrue_Exp_0>>>>>>>>>>>>>>>>>>>>>>>>>>
train 7969
val 2545
test 2545
	iters: 100, epoch: 1 | loss: 1.0668299
	speed: 0.0193s/iter; left time: 46.1897s
	iters: 200, epoch: 1 | loss: 0.7817151
	speed: 0.0027s/iter; left time: 6.1960s
Epoch: 1 cost time: 1.2410964965820312
Epoch: 1, Steps: 249 | Train Loss: 4.1093859 Vali Loss: 0.6585901 Test Loss: 0.9070271
Validation loss decreased (inf --> 0.658590).  Saving model ...
Updating learning rate to 0.05
	iters: 100, epoch: 2 | loss: 1.3677474
	speed: 0.0071s/iter; left time: 15.1463s
	iters: 200, epoch: 2 | loss: 1.2904953
	speed: 0.0026s/iter; left time: 5.2650s
Epoch: 2 cost time: 0.6498725414276123
Epoch: 2, Steps: 249 | Train Loss: 0.8942763 Vali Loss: 0.8273178 Test Loss: 1.3485343
EarlyStopping counter: 1 out of 3
Updating learning rate to 0.025
	iters: 100, epoch: 3 | loss: 0.5142683
	speed: 0.0069s/iter; left time: 13.0294s
	iters: 200, epoch: 3 | loss: 0.6818458
	speed: 0.0026s/iter; left time: 4.6878s
Epoch: 3 cost time: 0.6676616668701172
Epoch: 3, Steps: 249 | Train Loss: 0.7469217 Vali Loss: 0.5680951 Test Loss: 0.8602492
Validation loss decreased (0.658590 --> 0.568095).  Saving model ...
Updating learning rate to 0.0125
	iters: 100, epoch: 4 | loss: 0.6303504
	speed: 0.0074s/iter; left time: 12.1055s
	iters: 200, epoch: 4 | loss: 0.6313003
	speed: 0.0026s/iter; left time: 4.0659s
Epoch: 4 cost time: 0.6764638423919678
Epoch: 4, Steps: 249 | Train Loss: 0.6492206 Vali Loss: 0.4792965 Test Loss: 0.6776662
Validation loss decreased (0.568095 --> 0.479297).  Saving model ...
Updating learning rate to 0.00625
	iters: 100, epoch: 5 | loss: 1.0496159
	speed: 0.0070s/iter; left time: 9.8204s
	iters: 200, epoch: 5 | loss: 0.6691411
	speed: 0.0027s/iter; left time: 3.5181s
Epoch: 5 cost time: 0.6759114265441895
Epoch: 5, Steps: 249 | Train Loss: 0.6088623 Vali Loss: 0.4345048 Test Loss: 0.4855863
Validation loss decreased (0.479297 --> 0.434505).  Saving model ...
Updating learning rate to 0.003125
	iters: 100, epoch: 6 | loss: 0.6875862
	speed: 0.0070s/iter; left time: 8.0024s
	iters: 200, epoch: 6 | loss: 0.6144084
	speed: 0.0027s/iter; left time: 2.8422s
Epoch: 6 cost time: 0.6768026351928711
Epoch: 6, Steps: 249 | Train Loss: 0.5892803 Vali Loss: 0.4210180 Test Loss: 0.5413743
Validation loss decreased (0.434505 --> 0.421018).  Saving model ...
Updating learning rate to 0.0015625
	iters: 100, epoch: 7 | loss: 0.7386652
	speed: 0.0069s/iter; left time: 6.1566s
	iters: 200, epoch: 7 | loss: 0.5315548
	speed: 0.0027s/iter; left time: 2.1447s
Epoch: 7 cost time: 0.662299633026123
Epoch: 7, Steps: 249 | Train Loss: 0.5759749 Vali Loss: 0.4205666 Test Loss: 0.5325246
Validation loss decreased (0.421018 --> 0.420567).  Saving model ...
Updating learning rate to 0.00078125
	iters: 100, epoch: 8 | loss: 1.0688902
	speed: 0.0072s/iter; left time: 4.6973s
	iters: 200, epoch: 8 | loss: 0.6741157
	speed: 0.0027s/iter; left time: 1.4705s
Epoch: 8 cost time: 0.6895217895507812
Epoch: 8, Steps: 249 | Train Loss: 0.5694350 Vali Loss: 0.4148818 Test Loss: 0.5038317
Validation loss decreased (0.420567 --> 0.414882).  Saving model ...
Updating learning rate to 0.000390625
	iters: 100, epoch: 9 | loss: 0.4178710
	speed: 0.0070s/iter; left time: 2.7826s
	iters: 200, epoch: 9 | loss: 0.6149697
	speed: 0.0028s/iter; left time: 0.8233s
Epoch: 9 cost time: 0.6566929817199707
Epoch: 9, Steps: 249 | Train Loss: 0.5659258 Vali Loss: 0.4086677 Test Loss: 0.4740396
Validation loss decreased (0.414882 --> 0.408668).  Saving model ...
Updating learning rate to 0.0001953125
	iters: 100, epoch: 10 | loss: 0.6140353
	speed: 0.0071s/iter; left time: 1.0621s
	iters: 200, epoch: 10 | loss: 0.3235545
	speed: 0.0026s/iter; left time: 0.1317s
Epoch: 10 cost time: 0.6700406074523926
Epoch: 10, Steps: 249 | Train Loss: 0.5639061 Vali Loss: 0.4085316 Test Loss: 0.4884817
Validation loss decreased (0.408668 --> 0.408532).  Saving model ...
Updating learning rate to 9.765625e-05
>>>>>>>testing : ETTh2_336_336_DLinear_ETTh2_ftM_sl336_ll48_pl336_dm512_nh8_el2_dl1_df2048_fc1_ebtimeF_dtTrue_Exp_0<<<<<<<<<<<<<<<<<<<<<<<<<<<<<<<<<
test 2545
mse:0.4851788282394409, mae:0.4828220307826996
