Args in experiment:
Namespace(is_training=1, train_only=False, model_id='ETTh2_336_720', model='DLinear', data='ETTh2', root_path='./dataset/', data_path='ETTh2.csv', features='M', target='OT', freq='h', checkpoints='./checkpoints/', seq_len=336, label_len=48, pred_len=720, individual=False, embed_type=0, enc_in=7, dec_in=7, c_out=7, d_model=512, n_heads=8, e_layers=2, d_layers=1, d_ff=2048, moving_avg=25, factor=1, distil=True, dropout=0.05, embed='timeF', activation='gelu', output_attention=False, do_predict=False, num_workers=0, itr=1, train_epochs=10, batch_size=32, patience=3, learning_rate=0.05, des='Exp', loss='mse', lradj='type1', use_amp=False, use_gpu=True, gpu=0, use_multi_gpu=False, devices='0,1,2,3', test_flop=False, seed=2021)
Use GPU: cuda:0
>>>>>>>start training : ETTh2_336_720_DLinear_ETTh2_ftM_sl336_ll48_pl720_dm512_nh8_el2_dl1_df2048_fc1_ebtimeF_dtTrue_Exp_0>>>>>>>>>>>>>>>>>>>>>>>>>>
train 7585
val 2161
test 2161
	iters: 100, epoch: 1 | loss: 0.8523093
	speed: 0.0195s/iter; left time: 44.3446s
	iters: 200, epoch: 1 | loss: 0.9591478
	speed: 0.0029s/iter; left time: 6.3706s
Epoch: 1 cost time: 1.2384350299835205
Epoch: 1, Steps: 237 | Train Loss: 3.1330441 Vali Loss: 0.8643535 Test Loss: 1.0145751
Validation loss decreased (inf --> 0.864353).  Saving model ...
Updating learning rate to 0.05
	iters: 100, epoch: 2 | loss: 1.5815557
	speed: 0.0076s/iter; left time: 15.4372s
	iters: 200, epoch: 2 | loss: 0.9769967
	speed: 0.0030s/iter; left time: 5.8635s
Epoch: 2 cost time: 0.7058799266815186
Epoch: 2, Steps: 237 | Train Loss: 1.1962455 Vali Loss: 1.1993585 Test Loss: 2.1162472
EarlyStopping counter: 1 out of 3
Updating learning rate to 0.025
	iters: 100, epoch: 3 | loss: 1.2905648
	speed: 0.0076s/iter; left time: 13.6053s
	iters: 200, epoch: 3 | loss: 0.6429978
	speed: 0.0033s/iter; left time: 5.5357s
Epoch: 3 cost time: 0.7429101467132568
Epoch: 3, Steps: 237 | Train Loss: 0.8770332 Vali Loss: 0.7723593 Test Loss: 0.8359594
Validation loss decreased (0.864353 --> 0.772359).  Saving model ...
Updating learning rate to 0.0125
	iters: 100, epoch: 4 | loss: 1.0176814
	speed: 0.0076s/iter; left time: 11.8196s
	iters: 200, epoch: 4 | loss: 0.7982354
	speed: 0.0029s/iter; left time: 4.1798s
Epoch: 4 cost time: 0.6929705142974854
Epoch: 4, Steps: 237 | Train Loss: 0.7834277 Vali Loss: 0.7578481 Test Loss: 0.8457749
Validation loss decreased (0.772359 --> 0.757848).  Saving model ...
Updating learning rate to 0.00625
	iters: 100, epoch: 5 | loss: 0.8215304
	speed: 0.0076s/iter; left time: 10.1002s
	iters: 200, epoch: 5 | loss: 0.9029378
	speed: 0.0027s/iter; left time: 3.3582s
Epoch: 5 cost time: 0.7239227294921875
Epoch: 5, Steps: 237 | Train Loss: 0.7444779 Vali Loss: 0.7010347 Test Loss: 0.8431296
Validation loss decreased (0.757848 --> 0.701035).  Saving model ...
Updating learning rate to 0.003125
	iters: 100, epoch: 6 | loss: 0.7327964
	speed: 0.0075s/iter; left time: 8.1018s
	iters: 200, epoch: 6 | loss: 0.4755572
	speed: 0.0030s/iter; left time: 2.9909s
Epoch: 6 cost time: 0.7253038883209229
Epoch: 6, Steps: 237 | Train Loss: 0.7189810 Vali Loss: 0.6760725 Test Loss: 0.8189425
Validation loss decreased (0.701035 --> 0.676073).  Saving model ...
Updating learning rate to 0.0015625
	iters: 100, epoch: 7 | loss: 1.0006658
	speed: 0.0072s/iter; left time: 6.1475s
	iters: 200, epoch: 7 | loss: 0.7222648
	speed: 0.0029s/iter; left time: 2.1650s
Epoch: 7 cost time: 0.7045941352844238
Epoch: 7, Steps: 237 | Train Loss: 0.7079375 Vali Loss: 0.6754634 Test Loss: 0.7572690
Validation loss decreased (0.676073 --> 0.675463).  Saving model ...
Updating learning rate to 0.00078125
	iters: 100, epoch: 8 | loss: 0.5698295
	speed: 0.0074s/iter; left time: 4.5159s
	iters: 200, epoch: 8 | loss: 0.7414382
	speed: 0.0029s/iter; left time: 1.4978s
Epoch: 8 cost time: 0.6848626136779785
Epoch: 8, Steps: 237 | Train Loss: 0.7019609 Vali Loss: 0.6966974 Test Loss: 0.8484941
EarlyStopping counter: 1 out of 3
Updating learning rate to 0.000390625
	iters: 100, epoch: 9 | loss: 0.4223760
	speed: 0.0072s/iter; left time: 2.7054s
	iters: 200, epoch: 9 | loss: 0.6444939
	speed: 0.0030s/iter; left time: 0.8356s
Epoch: 9 cost time: 0.7164037227630615
Epoch: 9, Steps: 237 | Train Loss: 0.6974034 Vali Loss: 0.6627100 Test Loss: 0.7336782
Validation loss decreased (0.675463 --> 0.662710).  Saving model ...
Updating learning rate to 0.0001953125
	iters: 100, epoch: 10 | loss: 0.5850457
	speed: 0.0074s/iter; left time: 1.0158s
	iters: 200, epoch: 10 | loss: 1.2107775
	speed: 0.0029s/iter; left time: 0.1111s
Epoch: 10 cost time: 0.6986978054046631
Epoch: 10, Steps: 237 | Train Loss: 0.6954962 Vali Loss: 0.6652513 Test Loss: 0.7363396
EarlyStopping counter: 1 out of 3
Updating learning rate to 9.765625e-05
>>>>>>>testing : ETTh2_336_720_DLinear_ETTh2_ftM_sl336_ll48_pl720_dm512_nh8_el2_dl1_df2048_fc1_ebtimeF_dtTrue_Exp_0<<<<<<<<<<<<<<<<<<<<<<<<<<<<<<<<<
test 2161
mse:0.7327859401702881, mae:0.6056749224662781
