Args in experiment:
Namespace(is_training=1, train_only=False, model_id='ETTh2_336_336', model='Linear', data='ETTh2', root_path='./dataset/', data_path='ETTh2.csv', features='M', target='OT', freq='h', checkpoints='./checkpoints/', seq_len=336, label_len=48, pred_len=336, individual=False, embed_type=0, enc_in=7, dec_in=7, c_out=7, d_model=512, n_heads=8, e_layers=2, d_layers=1, d_ff=2048, moving_avg=25, factor=1, distil=True, dropout=0.05, embed='timeF', activation='gelu', output_attention=False, do_predict=False, num_workers=0, itr=1, train_epochs=10, batch_size=32, patience=3, learning_rate=0.05, des='Exp', loss='mse', lradj='type1', use_amp=False, use_gpu=True, gpu=0, use_multi_gpu=False, devices='0,1,2,3', test_flop=False, seed=2024)
Use GPU: cuda:0
>>>>>>>start training : ETTh2_336_336_Linear_ETTh2_ftM_sl336_ll48_pl336_dm512_nh8_el2_dl1_df2048_fc1_ebtimeF_dtTrue_Exp_0>>>>>>>>>>>>>>>>>>>>>>>>>>
train 7969
val 2545
test 2545
	iters: 100, epoch: 1 | loss: 0.4974509
	speed: 0.0190s/iter; left time: 45.5401s
	iters: 200, epoch: 1 | loss: 0.5713004
	speed: 0.0022s/iter; left time: 4.9407s
Epoch: 1 cost time: 1.1613779067993164
Epoch: 1, Steps: 249 | Train Loss: 3.2176757 Vali Loss: 0.5022482 Test Loss: 0.7776063
Validation loss decreased (inf --> 0.502248).  Saving model ...
Updating learning rate to 0.05
	iters: 100, epoch: 2 | loss: 0.7140964
	speed: 0.0057s/iter; left time: 12.2934s
	iters: 200, epoch: 2 | loss: 0.3726122
	speed: 0.0022s/iter; left time: 4.5674s
Epoch: 2 cost time: 0.5574538707733154
Epoch: 2, Steps: 249 | Train Loss: 0.6932959 Vali Loss: 0.5142666 Test Loss: 0.8035288
EarlyStopping counter: 1 out of 3
Updating learning rate to 0.025
	iters: 100, epoch: 3 | loss: 0.6468245
	speed: 0.0061s/iter; left time: 11.5034s
	iters: 200, epoch: 3 | loss: 0.7076738
	speed: 0.0022s/iter; left time: 3.8766s
Epoch: 3 cost time: 0.5454409122467041
Epoch: 3, Steps: 249 | Train Loss: 0.6306160 Vali Loss: 0.4057802 Test Loss: 0.4674770
Validation loss decreased (0.502248 --> 0.405780).  Saving model ...
Updating learning rate to 0.0125
	iters: 100, epoch: 4 | loss: 0.4644323
	speed: 0.0056s/iter; left time: 9.2139s
	iters: 200, epoch: 4 | loss: 0.6849685
	speed: 0.0021s/iter; left time: 3.2470s
Epoch: 4 cost time: 0.5176408290863037
Epoch: 4, Steps: 249 | Train Loss: 0.6018915 Vali Loss: 0.5238686 Test Loss: 0.8382393
EarlyStopping counter: 1 out of 3
Updating learning rate to 0.00625
	iters: 100, epoch: 5 | loss: 0.6424740
	speed: 0.0056s/iter; left time: 7.8034s
	iters: 200, epoch: 5 | loss: 0.6849188
	speed: 0.0021s/iter; left time: 2.7198s
Epoch: 5 cost time: 0.5192527770996094
Epoch: 5, Steps: 249 | Train Loss: 0.5816235 Vali Loss: 0.4347813 Test Loss: 0.5299637
EarlyStopping counter: 2 out of 3
Updating learning rate to 0.003125
	iters: 100, epoch: 6 | loss: 0.7315273
	speed: 0.0056s/iter; left time: 6.4662s
	iters: 200, epoch: 6 | loss: 0.3145012
	speed: 0.0021s/iter; left time: 2.2261s
Epoch: 6 cost time: 0.5250093936920166
Epoch: 6, Steps: 249 | Train Loss: 0.5730048 Vali Loss: 0.4351386 Test Loss: 0.5421316
EarlyStopping counter: 3 out of 3
Early stopping
>>>>>>>testing : ETTh2_336_336_Linear_ETTh2_ftM_sl336_ll48_pl336_dm512_nh8_el2_dl1_df2048_fc1_ebtimeF_dtTrue_Exp_0<<<<<<<<<<<<<<<<<<<<<<<<<<<<<<<<<
test 2545
mse:0.46298983693122864, mae:0.4718932509422302
