Args in experiment:
Namespace(is_training=1, train_only=False, model_id='ETTh2_336_336', model='Linear', data='ETTh2', root_path='./dataset/', data_path='ETTh2.csv', features='M', target='OT', freq='h', checkpoints='./checkpoints/', seq_len=336, label_len=48, pred_len=336, individual=False, embed_type=0, enc_in=7, dec_in=7, c_out=7, d_model=512, n_heads=8, e_layers=2, d_layers=1, d_ff=2048, moving_avg=25, factor=1, distil=True, dropout=0.05, embed='timeF', activation='gelu', output_attention=False, do_predict=False, num_workers=0, itr=1, train_epochs=10, batch_size=32, patience=3, learning_rate=0.05, des='Exp', loss='mse', lradj='type1', use_amp=False, use_gpu=True, gpu=0, use_multi_gpu=False, devices='0,1,2,3', test_flop=False, seed=2023)
Use GPU: cuda:0
>>>>>>>start training : ETTh2_336_336_Linear_ETTh2_ftM_sl336_ll48_pl336_dm512_nh8_el2_dl1_df2048_fc1_ebtimeF_dtTrue_Exp_0>>>>>>>>>>>>>>>>>>>>>>>>>>
train 7969
val 2545
test 2545
	iters: 100, epoch: 1 | loss: 0.6241313
	speed: 0.0195s/iter; left time: 46.6595s
	iters: 200, epoch: 1 | loss: 0.4064178
	speed: 0.0020s/iter; left time: 4.6510s
Epoch: 1 cost time: 1.2002558708190918
Epoch: 1, Steps: 249 | Train Loss: 3.5061273 Vali Loss: 0.4903544 Test Loss: 0.6650507
Validation loss decreased (inf --> 0.490354).  Saving model ...
Updating learning rate to 0.05
	iters: 100, epoch: 2 | loss: 0.7085456
	speed: 0.0057s/iter; left time: 12.3005s
	iters: 200, epoch: 2 | loss: 0.6314138
	speed: 0.0020s/iter; left time: 4.0709s
Epoch: 2 cost time: 0.5193748474121094
Epoch: 2, Steps: 249 | Train Loss: 0.6837014 Vali Loss: 0.5342555 Test Loss: 0.7313718
EarlyStopping counter: 1 out of 3
Updating learning rate to 0.025
	iters: 100, epoch: 3 | loss: 0.6169392
	speed: 0.0057s/iter; left time: 10.7549s
	iters: 200, epoch: 3 | loss: 0.6243820
	speed: 0.0022s/iter; left time: 3.9696s
Epoch: 3 cost time: 0.5567941665649414
Epoch: 3, Steps: 249 | Train Loss: 0.6295980 Vali Loss: 0.4426099 Test Loss: 0.5410701
Validation loss decreased (0.490354 --> 0.442610).  Saving model ...
Updating learning rate to 0.0125
	iters: 100, epoch: 4 | loss: 1.1258117
	speed: 0.0056s/iter; left time: 9.2653s
	iters: 200, epoch: 4 | loss: 0.5083904
	speed: 0.0022s/iter; left time: 3.4635s
Epoch: 4 cost time: 0.5428941249847412
Epoch: 4, Steps: 249 | Train Loss: 0.5963074 Vali Loss: 0.4074013 Test Loss: 0.5146208
Validation loss decreased (0.442610 --> 0.407401).  Saving model ...
Updating learning rate to 0.00625
	iters: 100, epoch: 5 | loss: 0.5270196
	speed: 0.0058s/iter; left time: 8.1071s
	iters: 200, epoch: 5 | loss: 0.4667776
	speed: 0.0022s/iter; left time: 2.8141s
Epoch: 5 cost time: 0.539116621017456
Epoch: 5, Steps: 249 | Train Loss: 0.5830486 Vali Loss: 0.4117566 Test Loss: 0.4604334
EarlyStopping counter: 1 out of 3
Updating learning rate to 0.003125
	iters: 100, epoch: 6 | loss: 0.6150919
	speed: 0.0057s/iter; left time: 6.5033s
	iters: 200, epoch: 6 | loss: 1.1027477
	speed: 0.0020s/iter; left time: 2.1373s
Epoch: 6 cost time: 0.5191600322723389
Epoch: 6, Steps: 249 | Train Loss: 0.5748356 Vali Loss: 0.4346763 Test Loss: 0.5922450
EarlyStopping counter: 2 out of 3
Updating learning rate to 0.0015625
	iters: 100, epoch: 7 | loss: 0.6000047
	speed: 0.0056s/iter; left time: 5.0573s
	iters: 200, epoch: 7 | loss: 0.7839721
	speed: 0.0023s/iter; left time: 1.8270s
Epoch: 7 cost time: 0.540341854095459
Epoch: 7, Steps: 249 | Train Loss: 0.5694256 Vali Loss: 0.3955969 Test Loss: 0.4775171
Validation loss decreased (0.407401 --> 0.395597).  Saving model ...
Updating learning rate to 0.00078125
	iters: 100, epoch: 8 | loss: 0.4273150
	speed: 0.0058s/iter; left time: 3.7289s
	iters: 200, epoch: 8 | loss: 0.7908028
	speed: 0.0020s/iter; left time: 1.0893s
Epoch: 8 cost time: 0.5298588275909424
Epoch: 8, Steps: 249 | Train Loss: 0.5663584 Vali Loss: 0.4226525 Test Loss: 0.5182148
EarlyStopping counter: 1 out of 3
Updating learning rate to 0.000390625
	iters: 100, epoch: 9 | loss: 0.5672728
	speed: 0.0056s/iter; left time: 2.2479s
	iters: 200, epoch: 9 | loss: 0.4408139
	speed: 0.0021s/iter; left time: 0.6394s
Epoch: 9 cost time: 0.5220277309417725
Epoch: 9, Steps: 249 | Train Loss: 0.5644983 Vali Loss: 0.4219521 Test Loss: 0.5080107
EarlyStopping counter: 2 out of 3
Updating learning rate to 0.0001953125
	iters: 100, epoch: 10 | loss: 0.3943608
	speed: 0.0056s/iter; left time: 0.8467s
	iters: 200, epoch: 10 | loss: 0.7031035
	speed: 0.0021s/iter; left time: 0.1067s
Epoch: 10 cost time: 0.5358216762542725
Epoch: 10, Steps: 249 | Train Loss: 0.5636155 Vali Loss: 0.4037815 Test Loss: 0.4727206
EarlyStopping counter: 3 out of 3
Early stopping
>>>>>>>testing : ETTh2_336_336_Linear_ETTh2_ftM_sl336_ll48_pl336_dm512_nh8_el2_dl1_df2048_fc1_ebtimeF_dtTrue_Exp_0<<<<<<<<<<<<<<<<<<<<<<<<<<<<<<<<<
test 2545
mse:0.4741522967815399, mae:0.4718433916568756
