Args in experiment:
Namespace(is_training=1, train_only=False, model_id='ETTh2_336_720', model='Linear', data='ETTh2', root_path='./dataset/', data_path='ETTh2.csv', features='M', target='OT', freq='h', checkpoints='./checkpoints/', seq_len=336, label_len=48, pred_len=720, individual=False, embed_type=0, enc_in=7, dec_in=7, c_out=7, d_model=512, n_heads=8, e_layers=2, d_layers=1, d_ff=2048, moving_avg=25, factor=1, distil=True, dropout=0.05, embed='timeF', activation='gelu', output_attention=False, do_predict=False, num_workers=0, itr=1, train_epochs=10, batch_size=32, patience=3, learning_rate=0.05, des='Exp', loss='mse', lradj='type1', use_amp=False, use_gpu=True, gpu=0, use_multi_gpu=False, devices='0,1,2,3', test_flop=False, seed=2024)
Use GPU: cuda:0
>>>>>>>start training : ETTh2_336_720_Linear_ETTh2_ftM_sl336_ll48_pl720_dm512_nh8_el2_dl1_df2048_fc1_ebtimeF_dtTrue_Exp_0>>>>>>>>>>>>>>>>>>>>>>>>>>
train 7585
val 2161
test 2161
	iters: 100, epoch: 1 | loss: 0.7992769
	speed: 0.0188s/iter; left time: 42.6905s
	iters: 200, epoch: 1 | loss: 0.9142613
	speed: 0.0026s/iter; left time: 5.5520s
Epoch: 1 cost time: 1.1476166248321533
Epoch: 1, Steps: 237 | Train Loss: 3.6105018 Vali Loss: 0.7778733 Test Loss: 1.0461226
Validation loss decreased (inf --> 0.777873).  Saving model ...
Updating learning rate to 0.05
	iters: 100, epoch: 2 | loss: 0.8633743
	speed: 0.0067s/iter; left time: 13.5418s
	iters: 200, epoch: 2 | loss: 0.8920604
	speed: 0.0023s/iter; left time: 4.5083s
Epoch: 2 cost time: 0.5851078033447266
Epoch: 2, Steps: 237 | Train Loss: 0.8483805 Vali Loss: 0.8940585 Test Loss: 1.6182145
EarlyStopping counter: 1 out of 3
Updating learning rate to 0.025
	iters: 100, epoch: 3 | loss: 1.2182249
	speed: 0.0062s/iter; left time: 11.1096s
	iters: 200, epoch: 3 | loss: 0.8570603
	speed: 0.0025s/iter; left time: 4.1660s
Epoch: 3 cost time: 0.5822875499725342
Epoch: 3, Steps: 237 | Train Loss: 0.7593790 Vali Loss: 0.7106355 Test Loss: 0.9100512
Validation loss decreased (0.777873 --> 0.710635).  Saving model ...
Updating learning rate to 0.0125
	iters: 100, epoch: 4 | loss: 0.9570738
	speed: 0.0060s/iter; left time: 9.3824s
	iters: 200, epoch: 4 | loss: 0.7144836
	speed: 0.0024s/iter; left time: 3.5727s
Epoch: 4 cost time: 0.5688881874084473
Epoch: 4, Steps: 237 | Train Loss: 0.7241363 Vali Loss: 0.7085549 Test Loss: 0.9025196
Validation loss decreased (0.710635 --> 0.708555).  Saving model ...
Updating learning rate to 0.00625
	iters: 100, epoch: 5 | loss: 0.6285811
	speed: 0.0061s/iter; left time: 8.0140s
	iters: 200, epoch: 5 | loss: 1.0089083
	speed: 0.0026s/iter; left time: 3.1685s
Epoch: 5 cost time: 0.5929145812988281
Epoch: 5, Steps: 237 | Train Loss: 0.7109198 Vali Loss: 0.6729355 Test Loss: 0.7369720
Validation loss decreased (0.708555 --> 0.672935).  Saving model ...
Updating learning rate to 0.003125
	iters: 100, epoch: 6 | loss: 0.8143604
	speed: 0.0060s/iter; left time: 6.4885s
	iters: 200, epoch: 6 | loss: 0.8233160
	speed: 0.0024s/iter; left time: 2.3593s
Epoch: 6 cost time: 0.5667037963867188
Epoch: 6, Steps: 237 | Train Loss: 0.7062462 Vali Loss: 0.6531790 Test Loss: 0.6998124
Validation loss decreased (0.672935 --> 0.653179).  Saving model ...
Updating learning rate to 0.0015625
	iters: 100, epoch: 7 | loss: 0.8507033
	speed: 0.0061s/iter; left time: 5.1371s
	iters: 200, epoch: 7 | loss: 0.7692529
	speed: 0.0025s/iter; left time: 1.8360s
Epoch: 7 cost time: 0.582338809967041
Epoch: 7, Steps: 237 | Train Loss: 0.7001459 Vali Loss: 0.6950595 Test Loss: 0.8665148
EarlyStopping counter: 1 out of 3
Updating learning rate to 0.00078125
	iters: 100, epoch: 8 | loss: 0.6212081
	speed: 0.0062s/iter; left time: 3.7928s
	iters: 200, epoch: 8 | loss: 0.4933454
	speed: 0.0024s/iter; left time: 1.2383s
Epoch: 8 cost time: 0.5812606811523438
Epoch: 8, Steps: 237 | Train Loss: 0.6975055 Vali Loss: 0.6667188 Test Loss: 0.7805026
EarlyStopping counter: 2 out of 3
Updating learning rate to 0.000390625
	iters: 100, epoch: 9 | loss: 0.6009856
	speed: 0.0061s/iter; left time: 2.2729s
	iters: 200, epoch: 9 | loss: 0.3969632
	speed: 0.0023s/iter; left time: 0.6190s
Epoch: 9 cost time: 0.5696282386779785
Epoch: 9, Steps: 237 | Train Loss: 0.6963749 Vali Loss: 0.6661702 Test Loss: 0.7219296
EarlyStopping counter: 3 out of 3
Early stopping
>>>>>>>testing : ETTh2_336_720_Linear_ETTh2_ftM_sl336_ll48_pl720_dm512_nh8_el2_dl1_df2048_fc1_ebtimeF_dtTrue_Exp_0<<<<<<<<<<<<<<<<<<<<<<<<<<<<<<<<<
test 2161
mse:0.6991965174674988, mae:0.5887417197227478
