Args in experiment:
Namespace(is_training=1, train_only=False, model_id='ETTh2_336_720', model='Linear', data='ETTh2', root_path='./dataset/', data_path='ETTh2.csv', features='M', target='OT', freq='h', checkpoints='./checkpoints/', seq_len=336, label_len=48, pred_len=720, individual=False, embed_type=0, enc_in=7, dec_in=7, c_out=7, d_model=512, n_heads=8, e_layers=2, d_layers=1, d_ff=2048, moving_avg=25, factor=1, distil=True, dropout=0.05, embed='timeF', activation='gelu', output_attention=False, do_predict=False, num_workers=0, itr=1, train_epochs=10, batch_size=32, patience=3, learning_rate=0.05, des='Exp', loss='mse', lradj='type1', use_amp=False, use_gpu=True, gpu=0, use_multi_gpu=False, devices='0,1,2,3', test_flop=False, seed=2025)
Use GPU: cuda:0
>>>>>>>start training : ETTh2_336_720_Linear_ETTh2_ftM_sl336_ll48_pl720_dm512_nh8_el2_dl1_df2048_fc1_ebtimeF_dtTrue_Exp_0>>>>>>>>>>>>>>>>>>>>>>>>>>
train 7585
val 2161
test 2161
	iters: 100, epoch: 1 | loss: 0.9428429
	speed: 0.0190s/iter; left time: 43.1791s
	iters: 200, epoch: 1 | loss: 0.6178858
	speed: 0.0025s/iter; left time: 5.4623s
Epoch: 1 cost time: 1.1484348773956299
Epoch: 1, Steps: 237 | Train Loss: 2.9777786 Vali Loss: 0.7463138 Test Loss: 0.8502587
Validation loss decreased (inf --> 0.746314).  Saving model ...
Updating learning rate to 0.05
	iters: 100, epoch: 2 | loss: 1.2791884
	speed: 0.0065s/iter; left time: 13.1769s
	iters: 200, epoch: 2 | loss: 0.8747574
	speed: 0.0025s/iter; left time: 4.7751s
Epoch: 2 cost time: 0.5836935043334961
Epoch: 2, Steps: 237 | Train Loss: 0.8400884 Vali Loss: 0.8506985 Test Loss: 1.3640337
EarlyStopping counter: 1 out of 3
Updating learning rate to 0.025
	iters: 100, epoch: 3 | loss: 1.2066966
	speed: 0.0060s/iter; left time: 10.7434s
	iters: 200, epoch: 3 | loss: 1.1045970
	speed: 0.0025s/iter; left time: 4.2762s
Epoch: 3 cost time: 0.572545051574707
Epoch: 3, Steps: 237 | Train Loss: 0.7662650 Vali Loss: 0.7231936 Test Loss: 0.9754046
Validation loss decreased (0.746314 --> 0.723194).  Saving model ...
Updating learning rate to 0.0125
	iters: 100, epoch: 4 | loss: 0.5378603
	speed: 0.0061s/iter; left time: 9.5273s
	iters: 200, epoch: 4 | loss: 1.1717228
	speed: 0.0024s/iter; left time: 3.5616s
Epoch: 4 cost time: 0.5774660110473633
Epoch: 4, Steps: 237 | Train Loss: 0.7315325 Vali Loss: 0.7224304 Test Loss: 0.9652602
Validation loss decreased (0.723194 --> 0.722430).  Saving model ...
Updating learning rate to 0.00625
	iters: 100, epoch: 5 | loss: 0.9029217
	speed: 0.0061s/iter; left time: 8.1064s
	iters: 200, epoch: 5 | loss: 0.7606582
	speed: 0.0024s/iter; left time: 2.8742s
Epoch: 5 cost time: 0.5697329044342041
Epoch: 5, Steps: 237 | Train Loss: 0.7156533 Vali Loss: 0.6650416 Test Loss: 0.6943216
Validation loss decreased (0.722430 --> 0.665042).  Saving model ...
Updating learning rate to 0.003125
	iters: 100, epoch: 6 | loss: 0.8191491
	speed: 0.0062s/iter; left time: 6.7176s
	iters: 200, epoch: 6 | loss: 0.6614208
	speed: 0.0026s/iter; left time: 2.5495s
Epoch: 6 cost time: 0.6006975173950195
Epoch: 6, Steps: 237 | Train Loss: 0.7048680 Vali Loss: 0.6653373 Test Loss: 0.7037005
EarlyStopping counter: 1 out of 3
Updating learning rate to 0.0015625
	iters: 100, epoch: 7 | loss: 0.8887455
	speed: 0.0062s/iter; left time: 5.2526s
	iters: 200, epoch: 7 | loss: 0.6023248
	speed: 0.0025s/iter; left time: 1.8414s
Epoch: 7 cost time: 0.5874044895172119
Epoch: 7, Steps: 237 | Train Loss: 0.7000773 Vali Loss: 0.6634871 Test Loss: 0.7254241
Validation loss decreased (0.665042 --> 0.663487).  Saving model ...
Updating learning rate to 0.00078125
	iters: 100, epoch: 8 | loss: 0.7663184
	speed: 0.0062s/iter; left time: 3.8022s
	iters: 200, epoch: 8 | loss: 0.6649829
	speed: 0.0025s/iter; left time: 1.2961s
Epoch: 8 cost time: 0.5917928218841553
Epoch: 8, Steps: 237 | Train Loss: 0.6982575 Vali Loss: 0.6644468 Test Loss: 0.6895720
EarlyStopping counter: 1 out of 3
Updating learning rate to 0.000390625
	iters: 100, epoch: 9 | loss: 0.7924561
	speed: 0.0060s/iter; left time: 2.2612s
	iters: 200, epoch: 9 | loss: 0.6375679
	speed: 0.0025s/iter; left time: 0.6794s
Epoch: 9 cost time: 0.5608763694763184
Epoch: 9, Steps: 237 | Train Loss: 0.6963291 Vali Loss: 0.6671325 Test Loss: 0.7254670
EarlyStopping counter: 2 out of 3
Updating learning rate to 0.0001953125
	iters: 100, epoch: 10 | loss: 0.4331697
	speed: 0.0060s/iter; left time: 0.8251s
	iters: 200, epoch: 10 | loss: 0.9016933
	speed: 0.0025s/iter; left time: 0.0954s
Epoch: 10 cost time: 0.579049825668335
Epoch: 10, Steps: 237 | Train Loss: 0.6952224 Vali Loss: 0.6670026 Test Loss: 0.7410604
EarlyStopping counter: 3 out of 3
Early stopping
>>>>>>>testing : ETTh2_336_720_Linear_ETTh2_ftM_sl336_ll48_pl720_dm512_nh8_el2_dl1_df2048_fc1_ebtimeF_dtTrue_Exp_0<<<<<<<<<<<<<<<<<<<<<<<<<<<<<<<<<
test 2161
mse:0.7240936756134033, mae:0.6007654666900635
