Args in experiment:
Namespace(is_training=1, train_only=False, model_id='ETTh2_336_720', model='Linear', data='ETTh2', root_path='./dataset/', data_path='ETTh2.csv', features='M', target='OT', freq='h', checkpoints='./checkpoints/', seq_len=336, label_len=48, pred_len=720, individual=False, embed_type=0, enc_in=7, dec_in=7, c_out=7, d_model=512, n_heads=8, e_layers=2, d_layers=1, d_ff=2048, moving_avg=25, factor=1, distil=True, dropout=0.05, embed='timeF', activation='gelu', output_attention=False, do_predict=False, num_workers=0, itr=1, train_epochs=10, batch_size=32, patience=3, learning_rate=0.05, des='Exp', loss='mse', lradj='type1', use_amp=False, use_gpu=True, gpu=0, use_multi_gpu=False, devices='0,1,2,3', test_flop=False, seed=2023)
Use GPU: cuda:0
>>>>>>>start training : ETTh2_336_720_Linear_ETTh2_ftM_sl336_ll48_pl720_dm512_nh8_el2_dl1_df2048_fc1_ebtimeF_dtTrue_Exp_0>>>>>>>>>>>>>>>>>>>>>>>>>>
train 7585
val 2161
test 2161
	iters: 100, epoch: 1 | loss: 0.6534614
	speed: 0.0189s/iter; left time: 43.0202s
	iters: 200, epoch: 1 | loss: 0.7819924
	speed: 0.0026s/iter; left time: 5.6351s
Epoch: 1 cost time: 1.1418178081512451
Epoch: 1, Steps: 237 | Train Loss: 3.5846315 Vali Loss: 0.7258196 Test Loss: 0.8174497
Validation loss decreased (inf --> 0.725820).  Saving model ...
Updating learning rate to 0.05
	iters: 100, epoch: 2 | loss: 0.8535466
	speed: 0.0064s/iter; left time: 13.0744s
	iters: 200, epoch: 2 | loss: 1.1465318
	speed: 0.0024s/iter; left time: 4.6186s
Epoch: 2 cost time: 0.5764029026031494
Epoch: 2, Steps: 237 | Train Loss: 0.8473425 Vali Loss: 0.8487839 Test Loss: 1.3465437
EarlyStopping counter: 1 out of 3
Updating learning rate to 0.025
	iters: 100, epoch: 3 | loss: 0.8061342
	speed: 0.0062s/iter; left time: 11.1296s
	iters: 200, epoch: 3 | loss: 0.8772492
	speed: 0.0025s/iter; left time: 4.2030s
Epoch: 3 cost time: 0.5935556888580322
Epoch: 3, Steps: 237 | Train Loss: 0.7599243 Vali Loss: 0.6456358 Test Loss: 0.6181835
Validation loss decreased (0.725820 --> 0.645636).  Saving model ...
Updating learning rate to 0.0125
	iters: 100, epoch: 4 | loss: 0.5163335
	speed: 0.0063s/iter; left time: 9.8013s
	iters: 200, epoch: 4 | loss: 0.7570887
	speed: 0.0024s/iter; left time: 3.5060s
Epoch: 4 cost time: 0.5870640277862549
Epoch: 4, Steps: 237 | Train Loss: 0.7247198 Vali Loss: 0.6520831 Test Loss: 0.6556970
EarlyStopping counter: 1 out of 3
Updating learning rate to 0.00625
	iters: 100, epoch: 5 | loss: 0.5956111
	speed: 0.0063s/iter; left time: 8.3894s
	iters: 200, epoch: 5 | loss: 0.8296545
	speed: 0.0023s/iter; left time: 2.7777s
Epoch: 5 cost time: 0.549628734588623
Epoch: 5, Steps: 237 | Train Loss: 0.7119359 Vali Loss: 0.6760002 Test Loss: 0.6843107
EarlyStopping counter: 2 out of 3
Updating learning rate to 0.003125
	iters: 100, epoch: 6 | loss: 0.7013232
	speed: 0.0061s/iter; left time: 6.6719s
	iters: 200, epoch: 6 | loss: 0.8238351
	speed: 0.0025s/iter; left time: 2.4568s
Epoch: 6 cost time: 0.6029667854309082
Epoch: 6, Steps: 237 | Train Loss: 0.7049994 Vali Loss: 0.6763832 Test Loss: 0.7887235
EarlyStopping counter: 3 out of 3
Early stopping
>>>>>>>testing : ETTh2_336_720_Linear_ETTh2_ftM_sl336_ll48_pl720_dm512_nh8_el2_dl1_df2048_fc1_ebtimeF_dtTrue_Exp_0<<<<<<<<<<<<<<<<<<<<<<<<<<<<<<<<<
test 2161
mse:0.6176377534866333, mae:0.5522642135620117
