→ results\sgd_etth2_20seed\Linear_H96_seed2021.json
  Linear H=96 seed 2021: epoch tốt nhất 6/9, val MSE 0.212023, test MSE 0.285674 MAE 0.349761, 5 s
→ results\sgd_etth2_20seed\Linear_H96_seed2022.json
  Linear H=96 seed 2022: epoch tốt nhất 4/7, val MSE 0.220667, test MSE 0.311397 MAE 0.372884, 3 s
→ results\sgd_etth2_20seed\Linear_H96_seed2023.json
  Linear H=96 seed 2023: epoch tốt nhất 9/10, val MSE 0.216087, test MSE 0.290570 MAE 0.355910, 4 s
→ results\sgd_etth2_20seed\Linear_H96_seed2024.json
  Linear H=96 seed 2024: epoch tốt nhất 7/10, val MSE 0.214102, test MSE 0.280568 MAE 0.347521, 4 s
→ results\sgd_etth2_20seed\Linear_H96_seed2025.json
  Linear H=96 seed 2025: epoch tốt nhất 8/10, val MSE 0.212610, test MSE 0.285556 MAE 0.348781, 4 s
→ results\sgd_etth2_20seed\Linear_H96_seed2026.json
  Linear H=96 seed 2026: epoch tốt nhất 5/8, val MSE 0.216419, test MSE 0.301402 MAE 0.362916, 3 s
→ results\sgd_etth2_20seed\Linear_H96_seed2027.json
  Linear H=96 seed 2027: epoch tốt nhất 5/8, val MSE 0.218776, test MSE 0.292162 MAE 0.353459, 3 s
→ results\sgd_etth2_20seed\Linear_H96_seed2028.json
  Linear H=96 seed 2028: epoch tốt nhất 5/8, val MSE 0.213349, test MSE 0.279181 MAE 0.345304, 3 s
→ results\sgd_etth2_20seed\Linear_H96_seed2029.json
  Linear H=96 seed 2029: epoch tốt nhất 10/10, val MSE 0.221679, test MSE 0.299194 MAE 0.363051, 4 s
→ results\sgd_etth2_20seed\Linear_H96_seed2030.json
  Linear H=96 seed 2030: epoch tốt nhất 9/10, val MSE 0.217205, test MSE 0.295066 MAE 0.358321, 3 s
→ results\sgd_etth2_20seed\Linear_H96_seed2031.json
  Linear H=96 seed 2031: epoch tốt nhất 4/7, val MSE 0.240621, test MSE 0.360951 MAE 0.404730, 2 s
→ results\sgd_etth2_20seed\Linear_H96_seed2032.json
  Linear H=96 seed 2032: epoch tốt nhất 6/9, val MSE 0.216068, test MSE 0.286827 MAE 0.351532, 3 s
→ results\sgd_etth2_20seed\Linear_H96_seed2033.json
  Linear H=96 seed 2033: epoch tốt nhất 7/10, val MSE 0.214138, test MSE 0.284202 MAE 0.350778, 4 s
→ results\sgd_etth2_20seed\Linear_H96_seed2034.json
  Linear H=96 seed 2034: epoch tốt nhất 6/9, val MSE 0.212699, test MSE 0.284301 MAE 0.348817, 3 s
→ results\sgd_etth2_20seed\Linear_H96_seed2035.json
  Linear H=96 seed 2035: epoch tốt nhất 6/9, val MSE 0.218710, test MSE 0.291381 MAE 0.356371, 3 s
→ results\sgd_etth2_20seed\Linear_H96_seed2036.json
  Linear H=96 seed 2036: epoch tốt nhất 3/6, val MSE 0.222838, test MSE 0.326727 MAE 0.381762, 2 s
→ results\sgd_etth2_20seed\Linear_H96_seed2037.json
  Linear H=96 seed 2037: epoch tốt nhất 7/10, val MSE 0.214539, test MSE 0.291295 MAE 0.353871, 4 s
→ results\sgd_etth2_20seed\Linear_H96_seed2038.json
  Linear H=96 seed 2038: epoch tốt nhất 5/8, val MSE 0.220742, test MSE 0.311346 MAE 0.371720, 3 s
→ results\sgd_etth2_20seed\Linear_H96_seed2039.json
  Linear H=96 seed 2039: epoch tốt nhất 7/10, val MSE 0.216157, test MSE 0.288052 MAE 0.352798, 4 s
→ results\sgd_etth2_20seed\Linear_H96_seed2040.json
  Linear H=96 seed 2040: epoch tốt nhất 5/8, val MSE 0.210352, test MSE 0.290675 MAE 0.353252, 4 s
→ results\sgd_etth2_20seed\DLinear_H96_seed2021.json
  DLinear H=96 seed 2021: epoch tốt nhất 10/10, val MSE 0.220183, test MSE 0.300017 MAE 0.363964, 9 s
→ results\sgd_etth2_20seed\DLinear_H96_seed2022.json
  DLinear H=96 seed 2022: epoch tốt nhất 6/9, val MSE 0.218243, test MSE 0.287142 MAE 0.352199, 7 s
→ results\sgd_etth2_20seed\DLinear_H96_seed2023.json
  DLinear H=96 seed 2023: epoch tốt nhất 8/10, val MSE 0.216774, test MSE 0.287602 MAE 0.354943, 7 s
→ results\sgd_etth2_20seed\DLinear_H96_seed2024.json
  DLinear H=96 seed 2024: epoch tốt nhất 8/10, val MSE 0.208959, test MSE 0.282128 MAE 0.345265, 7 s
→ results\sgd_etth2_20seed\DLinear_H96_seed2025.json
  DLinear H=96 seed 2025: epoch tốt nhất 9/10, val MSE 0.213829, test MSE 0.281435 MAE 0.346826, 7 s
→ results\sgd_etth2_20seed\DLinear_H96_seed2026.json
  DLinear H=96 seed 2026: epoch tốt nhất 9/10, val MSE 0.215149, test MSE 0.284624 MAE 0.350762, 7 s
→ results\sgd_etth2_20seed\DLinear_H96_seed2027.json
  DLinear H=96 seed 2027: epoch tốt nhất 7/10, val MSE 0.211931, test MSE 0.286929 MAE 0.349681, 7 s
→ results\sgd_etth2_20seed\DLinear_H96_seed2028.json
  DLinear H=96 seed 2028: epoch tốt nhất 8/10, val MSE 0.219437, test MSE 0.294880 MAE 0.358767, 7 s
→ results\sgd_etth2_20seed\DLinear_H96_seed2029.json
  DLinear H=96 seed 2029: epoch tốt nhất 9/10, val MSE 0.213549, test MSE 0.285158 MAE 0.350422, 7 s
→ results\sgd_etth2_20seed\DLinear_H96_seed2030.json
  DLinear H=96 seed 2030: epoch tốt nhất 8/10, val MSE 0.221573, test MSE 0.296610 MAE 0.360820, 8 s
→ results\sgd_etth2_20seed\DLinear_H96_seed2031.json
  DLinear H=96 seed 2031: epoch tốt nhất 7/10, val MSE 0.219722, test MSE 0.291926 MAE 0.358191, 7 s
→ results\sgd_etth2_20seed\DLinear_H96_seed2032.json
  DLinear H=96 seed 2032: epoch tốt nhất 7/10, val MSE 0.220378, test MSE 0.301976 MAE 0.366760, 7 s
→ results\sgd_etth2_20seed\DLinear_H96_seed2033.json
  DLinear H=96 seed 2033: epoch tốt nhất 8/10, val MSE 0.215335, test MSE 0.292601 MAE 0.355018, 7 s
→ results\sgd_etth2_20seed\DLinear_H96_seed2034.json
  DLinear H=96 seed 2034: epoch tốt nhất 8/10, val MSE 0.215742, test MSE 0.290806 MAE 0.354708, 7 s
→ results\sgd_etth2_20seed\DLinear_H96_seed2035.json
  DLinear H=96 seed 2035: epoch tốt nhất 9/10, val MSE 0.220431, test MSE 0.292203 MAE 0.359744, 7 s
→ results\sgd_etth2_20seed\DLinear_H96_seed2036.json
  DLinear H=96 seed 2036: epoch tốt nhất 9/10, val MSE 0.214696, test MSE 0.291471 MAE 0.355178, 7 s
→ results\sgd_etth2_20seed\DLinear_H96_seed2037.json
  DLinear H=96 seed 2037: epoch tốt nhất 8/10, val MSE 0.220428, test MSE 0.301544 MAE 0.364830, 7 s
→ results\sgd_etth2_20seed\DLinear_H96_seed2038.json
  DLinear H=96 seed 2038: epoch tốt nhất 6/9, val MSE 0.213748, test MSE 0.288107 MAE 0.351575, 6 s
→ results\sgd_etth2_20seed\DLinear_H96_seed2039.json
  DLinear H=96 seed 2039: epoch tốt nhất 7/10, val MSE 0.216895, test MSE 0.292961 MAE 0.355078, 7 s
→ results\sgd_etth2_20seed\DLinear_H96_seed2040.json
  DLinear H=96 seed 2040: epoch tốt nhất 9/10, val MSE 0.217085, test MSE 0.295633 MAE 0.359666, 7 s
→ results\sgd_etth2_20seed\Linear_H192_seed2021.json
  Linear H=192 seed 2021: epoch tốt nhất 1/4, val MSE 0.337454, test MSE 0.522708 MAE 0.497058, 2 s
→ results\sgd_etth2_20seed\Linear_H192_seed2022.json
  Linear H=192 seed 2022: epoch tốt nhất 10/10, val MSE 0.298964, test MSE 0.385300 MAE 0.417950, 4 s
→ results\sgd_etth2_20seed\Linear_H192_seed2023.json
  Linear H=192 seed 2023: epoch tốt nhất 8/10, val MSE 0.294827, test MSE 0.378114 MAE 0.412535, 4 s
→ results\sgd_etth2_20seed\Linear_H192_seed2024.json
  Linear H=192 seed 2024: epoch tốt nhất 9/10, val MSE 0.289625, test MSE 0.371198 MAE 0.407812, 4 s
→ results\sgd_etth2_20seed\Linear_H192_seed2025.json
  Linear H=192 seed 2025: epoch tốt nhất 5/8, val MSE 0.297955, test MSE 0.416984 MAE 0.432903, 3 s
→ results\sgd_etth2_20seed\Linear_H192_seed2026.json
  Linear H=192 seed 2026: epoch tốt nhất 5/8, val MSE 0.286197, test MSE 0.358076 MAE 0.402012, 3 s
→ results\sgd_etth2_20seed\Linear_H192_seed2027.json
  Linear H=192 seed 2027: epoch tốt nhất 7/10, val MSE 0.290581, test MSE 0.375315 MAE 0.411084, 4 s
→ results\sgd_etth2_20seed\Linear_H192_seed2028.json
  Linear H=192 seed 2028: epoch tốt nhất 4/7, val MSE 0.294870, test MSE 0.394179 MAE 0.422022, 3 s
→ results\sgd_etth2_20seed\Linear_H192_seed2029.json
  Linear H=192 seed 2029: epoch tốt nhất 3/6, val MSE 0.287623, test MSE 0.374810 MAE 0.407348, 2 s
→ results\sgd_etth2_20seed\Linear_H192_seed2030.json
  Linear H=192 seed 2030: epoch tốt nhất 6/9, val MSE 0.298235, test MSE 0.373869 MAE 0.408009, 4 s
→ results\sgd_etth2_20seed\Linear_H192_seed2031.json
  Linear H=192 seed 2031: epoch tốt nhất 10/10, val MSE 0.297826, test MSE 0.380232 MAE 0.416056, 4 s
→ results\sgd_etth2_20seed\Linear_H192_seed2032.json
  Linear H=192 seed 2032: epoch tốt nhất 5/8, val MSE 0.297168, test MSE 0.354017 MAE 0.400419, 3 s
→ results\sgd_etth2_20seed\Linear_H192_seed2033.json
  Linear H=192 seed 2033: epoch tốt nhất 1/4, val MSE 0.347893, test MSE 0.501724 MAE 0.494816, 2 s
→ results\sgd_etth2_20seed\Linear_H192_seed2034.json
  Linear H=192 seed 2034: epoch tốt nhất 7/10, val MSE 0.292769, test MSE 0.381242 MAE 0.412832, 4 s
→ results\sgd_etth2_20seed\Linear_H192_seed2035.json
  Linear H=192 seed 2035: epoch tốt nhất 6/9, val MSE 0.278463, test MSE 0.364014 MAE 0.399998, 4 s
→ results\sgd_etth2_20seed\Linear_H192_seed2036.json
  Linear H=192 seed 2036: epoch tốt nhất 1/4, val MSE 0.346912, test MSE 0.474327 MAE 0.470978, 2 s
→ results\sgd_etth2_20seed\Linear_H192_seed2037.json
  Linear H=192 seed 2037: epoch tốt nhất 4/7, val MSE 0.295516, test MSE 0.389739 MAE 0.417483, 3 s
→ results\sgd_etth2_20seed\Linear_H192_seed2038.json
  Linear H=192 seed 2038: epoch tốt nhất 5/8, val MSE 0.282356, test MSE 0.365605 MAE 0.408340, 3 s
→ results\sgd_etth2_20seed\Linear_H192_seed2039.json
  Linear H=192 seed 2039: epoch tốt nhất 6/9, val MSE 0.293368, test MSE 0.384020 MAE 0.416807, 4 s
→ results\sgd_etth2_20seed\Linear_H192_seed2040.json
  Linear H=192 seed 2040: epoch tốt nhất 9/10, val MSE 0.291782, test MSE 0.376957 MAE 0.414194, 4 s
→ results\sgd_etth2_20seed\DLinear_H192_seed2021.json
  DLinear H=192 seed 2021: epoch tốt nhất 9/10, val MSE 0.307018, test MSE 0.411563 MAE 0.437708, 8 s
→ results\sgd_etth2_20seed\DLinear_H192_seed2022.json
  DLinear H=192 seed 2022: epoch tốt nhất 10/10, val MSE 0.296126, test MSE 0.379434 MAE 0.415497, 7 s
→ results\sgd_etth2_20seed\DLinear_H192_seed2023.json
  DLinear H=192 seed 2023: epoch tốt nhất 5/8, val MSE 0.293970, test MSE 0.373184 MAE 0.408171, 6 s
→ results\sgd_etth2_20seed\DLinear_H192_seed2024.json
  DLinear H=192 seed 2024: epoch tốt nhất 6/9, val MSE 0.296448, test MSE 0.366686 MAE 0.409221, 7 s
→ results\sgd_etth2_20seed\DLinear_H192_seed2025.json
  DLinear H=192 seed 2025: epoch tốt nhất 7/10, val MSE 0.296353, test MSE 0.378206 MAE 0.414756, 8 s
→ results\sgd_etth2_20seed\DLinear_H192_seed2026.json
  DLinear H=192 seed 2026: epoch tốt nhất 5/8, val MSE 0.294234, test MSE 0.373156 MAE 0.412148, 6 s
→ results\sgd_etth2_20seed\DLinear_H192_seed2027.json
  DLinear H=192 seed 2027: epoch tốt nhất 9/10, val MSE 0.298446, test MSE 0.391115 MAE 0.420856, 8 s
→ results\sgd_etth2_20seed\DLinear_H192_seed2028.json
  DLinear H=192 seed 2028: epoch tốt nhất 9/10, val MSE 0.306563, test MSE 0.410888 MAE 0.434761, 8 s
→ results\sgd_etth2_20seed\DLinear_H192_seed2029.json
  DLinear H=192 seed 2029: epoch tốt nhất 8/10, val MSE 0.294485, test MSE 0.362127 MAE 0.404582, 8 s
→ results\sgd_etth2_20seed\DLinear_H192_seed2030.json
  DLinear H=192 seed 2030: epoch tốt nhất 8/10, val MSE 0.293386, test MSE 0.370577 MAE 0.409449, 8 s
→ results\sgd_etth2_20seed\DLinear_H192_seed2031.json
  DLinear H=192 seed 2031: epoch tốt nhất 8/10, val MSE 0.287785, test MSE 0.362337 MAE 0.400569, 8 s
→ results\sgd_etth2_20seed\DLinear_H192_seed2032.json
  DLinear H=192 seed 2032: epoch tốt nhất 8/10, val MSE 0.294490, test MSE 0.372853 MAE 0.409182, 8 s
→ results\sgd_etth2_20seed\DLinear_H192_seed2033.json
  DLinear H=192 seed 2033: epoch tốt nhất 6/9, val MSE 0.300943, test MSE 0.370724 MAE 0.407856, 7 s
→ results\sgd_etth2_20seed\DLinear_H192_seed2034.json
  DLinear H=192 seed 2034: epoch tốt nhất 10/10, val MSE 0.299537, test MSE 0.390701 MAE 0.422880, 8 s
→ results\sgd_etth2_20seed\DLinear_H192_seed2035.json
  DLinear H=192 seed 2035: epoch tốt nhất 5/8, val MSE 0.296394, test MSE 0.375755 MAE 0.410916, 6 s
→ results\sgd_etth2_20seed\DLinear_H192_seed2036.json
  DLinear H=192 seed 2036: epoch tốt nhất 6/9, val MSE 0.307367, test MSE 0.389715 MAE 0.422926, 7 s
→ results\sgd_etth2_20seed\DLinear_H192_seed2037.json
  DLinear H=192 seed 2037: epoch tốt nhất 7/10, val MSE 0.298599, test MSE 0.381336 MAE 0.414161, 8 s
→ results\sgd_etth2_20seed\DLinear_H192_seed2038.json
  DLinear H=192 seed 2038: epoch tốt nhất 10/10, val MSE 0.298084, test MSE 0.385681 MAE 0.418975, 8 s
→ results\sgd_etth2_20seed\DLinear_H192_seed2039.json
  DLinear H=192 seed 2039: epoch tốt nhất 7/10, val MSE 0.294347, test MSE 0.367912 MAE 0.407460, 8 s
→ results\sgd_etth2_20seed\DLinear_H192_seed2040.json
  DLinear H=192 seed 2040: epoch tốt nhất 10/10, val MSE 0.302825, test MSE 0.399976 MAE 0.429297, 8 s
→ results\sgd_etth2_20seed\Linear_H336_seed2021.json
  Linear H=336 seed 2021: epoch tốt nhất 8/10, val MSE 0.399066, test MSE 0.458642 MAE 0.467641, 5 s
→ results\sgd_etth2_20seed\Linear_H336_seed2022.json
  Linear H=336 seed 2022: epoch tốt nhất 5/8, val MSE 0.387666, test MSE 0.418415 MAE 0.441026, 4 s
→ results\sgd_etth2_20seed\Linear_H336_seed2023.json
  Linear H=336 seed 2023: epoch tốt nhất 6/9, val MSE 0.397621, test MSE 0.486026 MAE 0.477761, 5 s
→ results\sgd_etth2_20seed\Linear_H336_seed2024.json
  Linear H=336 seed 2024: epoch tốt nhất 7/10, val MSE 0.394346, test MSE 0.445716 MAE 0.459046, 5 s
→ results\sgd_etth2_20seed\Linear_H336_seed2025.json
  Linear H=336 seed 2025: epoch tốt nhất 6/9, val MSE 0.394276, test MSE 0.421102 MAE 0.444157, 4 s
→ results\sgd_etth2_20seed\Linear_H336_seed2026.json
  Linear H=336 seed 2026: epoch tốt nhất 9/10, val MSE 0.392862, test MSE 0.442894 MAE 0.458329, 5 s
→ results\sgd_etth2_20seed\Linear_H336_seed2027.json
  Linear H=336 seed 2027: epoch tốt nhất 7/10, val MSE 0.403802, test MSE 0.458377 MAE 0.469305, 5 s
→ results\sgd_etth2_20seed\Linear_H336_seed2028.json
  Linear H=336 seed 2028: epoch tốt nhất 7/10, val MSE 0.389229, test MSE 0.432112 MAE 0.452436, 5 s
→ results\sgd_etth2_20seed\Linear_H336_seed2029.json
  Linear H=336 seed 2029: epoch tốt nhất 8/10, val MSE 0.385681, test MSE 0.443376 MAE 0.456087, 5 s
→ results\sgd_etth2_20seed\Linear_H336_seed2030.json
  Linear H=336 seed 2030: epoch tốt nhất 6/9, val MSE 0.395445, test MSE 0.434085 MAE 0.455604, 4 s
→ results\sgd_etth2_20seed\Linear_H336_seed2031.json
  Linear H=336 seed 2031: epoch tốt nhất 5/8, val MSE 0.394221, test MSE 0.441050 MAE 0.457155, 4 s
→ results\sgd_etth2_20seed\Linear_H336_seed2032.json
  Linear H=336 seed 2032: epoch tốt nhất 5/8, val MSE 0.385943, test MSE 0.461392 MAE 0.466103, 4 s
→ results\sgd_etth2_20seed\Linear_H336_seed2033.json
  Linear H=336 seed 2033: epoch tốt nhất 6/9, val MSE 0.385244, test MSE 0.446127 MAE 0.456443, 4 s
→ results\sgd_etth2_20seed\Linear_H336_seed2034.json
  Linear H=336 seed 2034: epoch tốt nhất 1/4, val MSE 0.425503, test MSE 0.517795 MAE 0.499186, 2 s
→ results\sgd_etth2_20seed\Linear_H336_seed2035.json
  Linear H=336 seed 2035: epoch tốt nhất 4/7, val MSE 0.391143, test MSE 0.427632 MAE 0.448276, 3 s
→ results\sgd_etth2_20seed\Linear_H336_seed2036.json
  Linear H=336 seed 2036: epoch tốt nhất 4/7, val MSE 0.398866, test MSE 0.426854 MAE 0.451263, 3 s
→ results\sgd_etth2_20seed\Linear_H336_seed2037.json
  Linear H=336 seed 2037: epoch tốt nhất 6/9, val MSE 0.399395, test MSE 0.471274 MAE 0.477149, 4 s
→ results\sgd_etth2_20seed\Linear_H336_seed2038.json
  Linear H=336 seed 2038: epoch tốt nhất 6/9, val MSE 0.402240, test MSE 0.448021 MAE 0.461081, 4 s
→ results\sgd_etth2_20seed\Linear_H336_seed2039.json
  Linear H=336 seed 2039: epoch tốt nhất 6/9, val MSE 0.406923, test MSE 0.473905 MAE 0.480123, 4 s
→ results\sgd_etth2_20seed\Linear_H336_seed2040.json
  Linear H=336 seed 2040: epoch tốt nhất 4/7, val MSE 0.379709, test MSE 0.437004 MAE 0.456698, 3 s
→ results\sgd_etth2_20seed\DLinear_H336_seed2021.json
  DLinear H=336 seed 2021: epoch tốt nhất 6/9, val MSE 0.381667, test MSE 0.419008 MAE 0.441473, 8 s
→ results\sgd_etth2_20seed\DLinear_H336_seed2022.json
  DLinear H=336 seed 2022: epoch tốt nhất 7/10, val MSE 0.390672, test MSE 0.434875 MAE 0.451589, 9 s
→ results\sgd_etth2_20seed\DLinear_H336_seed2023.json
  DLinear H=336 seed 2023: epoch tốt nhất 9/10, val MSE 0.401663, test MSE 0.472979 MAE 0.478346, 9 s
→ results\sgd_etth2_20seed\DLinear_H336_seed2024.json
  DLinear H=336 seed 2024: epoch tốt nhất 5/8, val MSE 0.402798, test MSE 0.478153 MAE 0.476955, 7 s
→ results\sgd_etth2_20seed\DLinear_H336_seed2025.json
  DLinear H=336 seed 2025: epoch tốt nhất 9/10, val MSE 0.404441, test MSE 0.479691 MAE 0.479526, 9 s
→ results\sgd_etth2_20seed\DLinear_H336_seed2026.json
  DLinear H=336 seed 2026: epoch tốt nhất 10/10, val MSE 0.397178, test MSE 0.454130 MAE 0.465500, 9 s
→ results\sgd_etth2_20seed\DLinear_H336_seed2027.json
  DLinear H=336 seed 2027: epoch tốt nhất 7/10, val MSE 0.399573, test MSE 0.460916 MAE 0.467185, 9 s
→ results\sgd_etth2_20seed\DLinear_H336_seed2028.json
  DLinear H=336 seed 2028: epoch tốt nhất 10/10, val MSE 0.392226, test MSE 0.439415 MAE 0.456322, 9 s
→ results\sgd_etth2_20seed\DLinear_H336_seed2029.json
  DLinear H=336 seed 2029: epoch tốt nhất 9/10, val MSE 0.402024, test MSE 0.463373 MAE 0.469328, 9 s
→ results\sgd_etth2_20seed\DLinear_H336_seed2030.json
  DLinear H=336 seed 2030: epoch tốt nhất 6/9, val MSE 0.387780, test MSE 0.439080 MAE 0.455225, 8 s
→ results\sgd_etth2_20seed\DLinear_H336_seed2031.json
  DLinear H=336 seed 2031: epoch tốt nhất 6/9, val MSE 0.393105, test MSE 0.417568 MAE 0.442860, 9 s
→ results\sgd_etth2_20seed\DLinear_H336_seed2032.json
  DLinear H=336 seed 2032: epoch tốt nhất 8/10, val MSE 0.396654, test MSE 0.472720 MAE 0.471538, 9 s
→ results\sgd_etth2_20seed\DLinear_H336_seed2033.json
  DLinear H=336 seed 2033: epoch tốt nhất 8/10, val MSE 0.402680, test MSE 0.460793 MAE 0.468892, 9 s
→ results\sgd_etth2_20seed\DLinear_H336_seed2034.json
  DLinear H=336 seed 2034: epoch tốt nhất 5/8, val MSE 0.395664, test MSE 0.400317 MAE 0.433347, 7 s
→ results\sgd_etth2_20seed\DLinear_H336_seed2035.json
  DLinear H=336 seed 2035: epoch tốt nhất 6/9, val MSE 0.398219, test MSE 0.472413 MAE 0.473387, 9 s
→ results\sgd_etth2_20seed\DLinear_H336_seed2036.json
  DLinear H=336 seed 2036: epoch tốt nhất 6/9, val MSE 0.403343, test MSE 0.429733 MAE 0.451993, 8 s
→ results\sgd_etth2_20seed\DLinear_H336_seed2037.json
  DLinear H=336 seed 2037: epoch tốt nhất 5/8, val MSE 0.408388, test MSE 0.473671 MAE 0.478634, 8 s
→ results\sgd_etth2_20seed\DLinear_H336_seed2038.json
  DLinear H=336 seed 2038: epoch tốt nhất 9/10, val MSE 0.411092, test MSE 0.486192 MAE 0.483092, 9 s
→ results\sgd_etth2_20seed\DLinear_H336_seed2039.json
  DLinear H=336 seed 2039: epoch tốt nhất 7/10, val MSE 0.399267, test MSE 0.437233 MAE 0.455186, 10 s
→ results\sgd_etth2_20seed\DLinear_H336_seed2040.json
  DLinear H=336 seed 2040: epoch tốt nhất 7/10, val MSE 0.402803, test MSE 0.465071 MAE 0.469886, 10 s
→ results\sgd_etth2_20seed\Linear_H720_seed2021.json
  Linear H=720 seed 2021: epoch tốt nhất 6/9, val MSE 0.649303, test MSE 0.691710 MAE 0.591780, 6 s
→ results\sgd_etth2_20seed\Linear_H720_seed2022.json
  Linear H=720 seed 2022: epoch tốt nhất 7/10, val MSE 0.650663, test MSE 0.691508 MAE 0.589855, 7 s
→ results\sgd_etth2_20seed\Linear_H720_seed2023.json
  Linear H=720 seed 2023: epoch tốt nhất 9/10, val MSE 0.661228, test MSE 0.722880 MAE 0.602499, 7 s
→ results\sgd_etth2_20seed\Linear_H720_seed2024.json
  Linear H=720 seed 2024: epoch tốt nhất 10/10, val MSE 0.664931, test MSE 0.732410 MAE 0.608406, 7 s
→ results\sgd_etth2_20seed\Linear_H720_seed2025.json
  Linear H=720 seed 2025: epoch tốt nhất 6/9, val MSE 0.652367, test MSE 0.672261 MAE 0.577758, 6 s
→ results\sgd_etth2_20seed\Linear_H720_seed2026.json
  Linear H=720 seed 2026: epoch tốt nhất 7/10, val MSE 0.655920, test MSE 0.657556 MAE 0.569649, 7 s
→ results\sgd_etth2_20seed\Linear_H720_seed2027.json
  Linear H=720 seed 2027: epoch tốt nhất 7/10, val MSE 0.659713, test MSE 0.713303 MAE 0.605238, 7 s
→ results\sgd_etth2_20seed\Linear_H720_seed2028.json
  Linear H=720 seed 2028: epoch tốt nhất 7/10, val MSE 0.659381, test MSE 0.716660 MAE 0.607774, 7 s
→ results\sgd_etth2_20seed\Linear_H720_seed2029.json
  Linear H=720 seed 2029: epoch tốt nhất 4/7, val MSE 0.655712, test MSE 0.720403 MAE 0.601986, 5 s
→ results\sgd_etth2_20seed\Linear_H720_seed2030.json
  Linear H=720 seed 2030: epoch tốt nhất 5/8, val MSE 0.664237, test MSE 0.620743 MAE 0.561502, 6 s
→ results\sgd_etth2_20seed\Linear_H720_seed2031.json
  Linear H=720 seed 2031: epoch tốt nhất 5/8, val MSE 0.668303, test MSE 0.723149 MAE 0.597019, 6 s
→ results\sgd_etth2_20seed\Linear_H720_seed2032.json
  Linear H=720 seed 2032: epoch tốt nhất 9/10, val MSE 0.664192, test MSE 0.720619 MAE 0.601937, 7 s
→ results\sgd_etth2_20seed\Linear_H720_seed2033.json
  Linear H=720 seed 2033: epoch tốt nhất 5/8, val MSE 0.654210, test MSE 0.596234 MAE 0.543180, 6 s
→ results\sgd_etth2_20seed\Linear_H720_seed2034.json
  Linear H=720 seed 2034: epoch tốt nhất 7/10, val MSE 0.660366, test MSE 0.747951 MAE 0.613650, 7 s
→ results\sgd_etth2_20seed\Linear_H720_seed2035.json
  Linear H=720 seed 2035: epoch tốt nhất 3/6, val MSE 0.656761, test MSE 0.751912 MAE 0.608610, 4 s
→ results\sgd_etth2_20seed\Linear_H720_seed2036.json
  Linear H=720 seed 2036: epoch tốt nhất 1/4, val MSE 0.680322, test MSE 0.759969 MAE 0.607859, 3 s
→ results\sgd_etth2_20seed\Linear_H720_seed2037.json
  Linear H=720 seed 2037: epoch tốt nhất 8/10, val MSE 0.663295, test MSE 0.740764 MAE 0.612234, 7 s
→ results\sgd_etth2_20seed\Linear_H720_seed2038.json
  Linear H=720 seed 2038: epoch tốt nhất 4/7, val MSE 0.658520, test MSE 0.697027 MAE 0.586617, 5 s
→ results\sgd_etth2_20seed\Linear_H720_seed2039.json
  Linear H=720 seed 2039: epoch tốt nhất 3/6, val MSE 0.656700, test MSE 0.606891 MAE 0.543710, 4 s
→ results\sgd_etth2_20seed\Linear_H720_seed2040.json
  Linear H=720 seed 2040: epoch tốt nhất 3/6, val MSE 0.645198, test MSE 0.649534 MAE 0.574879, 4 s
→ results\sgd_etth2_20seed\DLinear_H720_seed2021.json
  DLinear H=720 seed 2021: epoch tốt nhất 10/10, val MSE 0.670009, test MSE 0.747228 MAE 0.616402, 13 s
→ results\sgd_etth2_20seed\DLinear_H720_seed2022.json
  DLinear H=720 seed 2022: epoch tốt nhất 9/10, val MSE 0.663710, test MSE 0.715085 MAE 0.603002, 13 s
→ results\sgd_etth2_20seed\DLinear_H720_seed2023.json
  DLinear H=720 seed 2023: epoch tốt nhất 9/10, val MSE 0.662147, test MSE 0.745308 MAE 0.610703, 13 s
→ results\sgd_etth2_20seed\DLinear_H720_seed2024.json
  DLinear H=720 seed 2024: epoch tốt nhất 4/7, val MSE 0.663045, test MSE 0.577800 MAE 0.553420, 9 s
→ results\sgd_etth2_20seed\DLinear_H720_seed2025.json
  DLinear H=720 seed 2025: epoch tốt nhất 6/9, val MSE 0.646890, test MSE 0.607931 MAE 0.552598, 12 s
→ results\sgd_etth2_20seed\DLinear_H720_seed2026.json
  DLinear H=720 seed 2026: epoch tốt nhất 7/10, val MSE 0.662915, test MSE 0.701512 MAE 0.595367, 13 s
→ results\sgd_etth2_20seed\DLinear_H720_seed2027.json
  DLinear H=720 seed 2027: epoch tốt nhất 7/10, val MSE 0.656109, test MSE 0.656597 MAE 0.579392, 13 s
→ results\sgd_etth2_20seed\DLinear_H720_seed2028.json
  DLinear H=720 seed 2028: epoch tốt nhất 7/10, val MSE 0.646945, test MSE 0.660195 MAE 0.579477, 14 s
→ results\sgd_etth2_20seed\DLinear_H720_seed2029.json
  DLinear H=720 seed 2029: epoch tốt nhất 4/7, val MSE 0.640190, test MSE 0.539873 MAE 0.525756, 10 s
→ results\sgd_etth2_20seed\DLinear_H720_seed2030.json
  DLinear H=720 seed 2030: epoch tốt nhất 9/10, val MSE 0.660945, test MSE 0.723908 MAE 0.603672, 14 s
→ results\sgd_etth2_20seed\DLinear_H720_seed2031.json
  DLinear H=720 seed 2031: epoch tốt nhất 9/10, val MSE 0.669201, test MSE 0.751540 MAE 0.615334, 13 s
→ results\sgd_etth2_20seed\DLinear_H720_seed2032.json
  DLinear H=720 seed 2032: epoch tốt nhất 5/8, val MSE 0.670009, test MSE 0.717498 MAE 0.597573, 13 s
→ results\sgd_etth2_20seed\DLinear_H720_seed2033.json
  DLinear H=720 seed 2033: epoch tốt nhất 9/10, val MSE 0.652913, test MSE 0.672810 MAE 0.583887, 14 s
→ results\sgd_etth2_20seed\DLinear_H720_seed2034.json
  DLinear H=720 seed 2034: epoch tốt nhất 7/10, val MSE 0.658675, test MSE 0.672328 MAE 0.575419, 14 s
→ results\sgd_etth2_20seed\DLinear_H720_seed2035.json
  DLinear H=720 seed 2035: epoch tốt nhất 10/10, val MSE 0.658508, test MSE 0.698945 MAE 0.594706, 14 s
→ results\sgd_etth2_20seed\DLinear_H720_seed2036.json
  DLinear H=720 seed 2036: epoch tốt nhất 5/8, val MSE 0.672232, test MSE 0.742676 MAE 0.610584, 11 s
→ results\sgd_etth2_20seed\DLinear_H720_seed2037.json
  DLinear H=720 seed 2037: epoch tốt nhất 10/10, val MSE 0.665881, test MSE 0.744579 MAE 0.614069, 15 s
→ results\sgd_etth2_20seed\DLinear_H720_seed2038.json
  DLinear H=720 seed 2038: epoch tốt nhất 5/8, val MSE 0.648530, test MSE 0.638836 MAE 0.574797, 11 s
→ results\sgd_etth2_20seed\DLinear_H720_seed2039.json
  DLinear H=720 seed 2039: epoch tốt nhất 9/10, val MSE 0.661213, test MSE 0.720739 MAE 0.599974, 14 s
→ results\sgd_etth2_20seed\DLinear_H720_seed2040.json
  DLinear H=720 seed 2040: epoch tốt nhất 8/10, val MSE 0.658060, test MSE 0.702860 MAE 0.593510, 14 s
→ results\sgd_etth2_20seed\NLinear_H96_seed2021.json
  NLinear H=96 seed 2021: epoch tốt nhất 10/10, val MSE 0.205823, test MSE 0.275827 MAE 0.337589, 6 s
→ results\sgd_etth2_20seed\NLinear_H96_seed2022.json
  NLinear H=96 seed 2022: epoch tốt nhất 9/10, val MSE 0.206258, test MSE 0.275180 MAE 0.336689, 4 s
→ results\sgd_etth2_20seed\NLinear_H96_seed2023.json
  NLinear H=96 seed 2023: epoch tốt nhất 9/10, val MSE 0.206092, test MSE 0.275911 MAE 0.337627, 4 s
→ results\sgd_etth2_20seed\NLinear_H96_seed2024.json
  NLinear H=96 seed 2024: epoch tốt nhất 10/10, val MSE 0.206597, test MSE 0.276149 MAE 0.338128, 4 s
→ results\sgd_etth2_20seed\NLinear_H96_seed2025.json
  NLinear H=96 seed 2025: epoch tốt nhất 8/10, val MSE 0.205032, test MSE 0.279161 MAE 0.337713, 4 s
→ results\sgd_etth2_20seed\NLinear_H96_seed2026.json
  NLinear H=96 seed 2026: epoch tốt nhất 9/10, val MSE 0.207182, test MSE 0.280640 MAE 0.340031, 4 s
→ results\sgd_etth2_20seed\NLinear_H96_seed2027.json
  NLinear H=96 seed 2027: epoch tốt nhất 8/10, val MSE 0.208134, test MSE 0.278599 MAE 0.340279, 4 s
→ results\sgd_etth2_20seed\NLinear_H96_seed2028.json
  NLinear H=96 seed 2028: epoch tốt nhất 10/10, val MSE 0.208070, test MSE 0.277499 MAE 0.339061, 4 s
→ results\sgd_etth2_20seed\NLinear_H96_seed2029.json
  NLinear H=96 seed 2029: epoch tốt nhất 10/10, val MSE 0.207883, test MSE 0.274109 MAE 0.337508, 4 s
→ results\sgd_etth2_20seed\NLinear_H96_seed2030.json
  NLinear H=96 seed 2030: epoch tốt nhất 10/10, val MSE 0.207352, test MSE 0.276754 MAE 0.338779, 4 s
→ results\sgd_etth2_20seed\NLinear_H192_seed2021.json
  NLinear H=192 seed 2021: epoch tốt nhất 6/9, val MSE 0.272516, test MSE 0.346978 MAE 0.381945, 4 s
→ results\sgd_etth2_20seed\NLinear_H192_seed2022.json
  NLinear H=192 seed 2022: epoch tốt nhất 8/10, val MSE 0.272173, test MSE 0.351994 MAE 0.385598, 5 s
→ results\sgd_etth2_20seed\NLinear_H192_seed2023.json
  NLinear H=192 seed 2023: epoch tốt nhất 10/10, val MSE 0.272975, test MSE 0.340194 MAE 0.380065, 5 s
→ results\sgd_etth2_20seed\NLinear_H192_seed2024.json
  NLinear H=192 seed 2024: epoch tốt nhất 7/10, val MSE 0.272342, test MSE 0.342659 MAE 0.380631, 5 s
→ results\sgd_etth2_20seed\NLinear_H192_seed2025.json
  NLinear H=192 seed 2025: epoch tốt nhất 9/10, val MSE 0.270227, test MSE 0.342930 MAE 0.380333, 5 s
→ results\sgd_etth2_20seed\NLinear_H192_seed2026.json
  NLinear H=192 seed 2026: epoch tốt nhất 9/10, val MSE 0.274377, test MSE 0.341276 MAE 0.380962, 5 s
→ results\sgd_etth2_20seed\NLinear_H192_seed2027.json
  NLinear H=192 seed 2027: epoch tốt nhất 9/10, val MSE 0.269862, test MSE 0.342954 MAE 0.380294, 5 s
→ results\sgd_etth2_20seed\NLinear_H192_seed2028.json
  NLinear H=192 seed 2028: epoch tốt nhất 8/10, val MSE 0.271389, test MSE 0.350681 MAE 0.384204, 6 s
→ results\sgd_etth2_20seed\NLinear_H192_seed2029.json
  NLinear H=192 seed 2029: epoch tốt nhất 8/10, val MSE 0.275152, test MSE 0.340855 MAE 0.381455, 5 s
→ results\sgd_etth2_20seed\NLinear_H192_seed2030.json
  NLinear H=192 seed 2030: epoch tốt nhất 9/10, val MSE 0.271182, test MSE 0.343827 MAE 0.380977, 5 s
→ results\sgd_etth2_20seed\NLinear_H336_seed2021.json
  NLinear H=336 seed 2021: epoch tốt nhất 5/8, val MSE 0.363260, test MSE 0.388878 MAE 0.418868, 5 s
→ results\sgd_etth2_20seed\NLinear_H336_seed2022.json
  NLinear H=336 seed 2022: epoch tốt nhất 6/9, val MSE 0.359331, test MSE 0.377865 MAE 0.408982, 4 s
→ results\sgd_etth2_20seed\NLinear_H336_seed2023.json
  NLinear H=336 seed 2023: epoch tốt nhất 5/8, val MSE 0.361410, test MSE 0.413862 MAE 0.428595, 3 s
→ results\sgd_etth2_20seed\NLinear_H336_seed2024.json
  NLinear H=336 seed 2024: epoch tốt nhất 6/9, val MSE 0.361023, test MSE 0.385388 MAE 0.414177, 4 s
→ results\sgd_etth2_20seed\NLinear_H336_seed2025.json
  NLinear H=336 seed 2025: epoch tốt nhất 10/10, val MSE 0.357883, test MSE 0.369110 MAE 0.405730, 4 s
→ results\sgd_etth2_20seed\NLinear_H336_seed2026.json
  NLinear H=336 seed 2026: epoch tốt nhất 9/10, val MSE 0.365532, test MSE 0.368022 MAE 0.407345, 4 s
→ results\sgd_etth2_20seed\NLinear_H336_seed2027.json
  NLinear H=336 seed 2027: epoch tốt nhất 7/10, val MSE 0.359826, test MSE 0.374282 MAE 0.408695, 4 s
→ results\sgd_etth2_20seed\NLinear_H336_seed2028.json
  NLinear H=336 seed 2028: epoch tốt nhất 7/10, val MSE 0.359462, test MSE 0.378281 MAE 0.411608, 4 s
→ results\sgd_etth2_20seed\NLinear_H336_seed2029.json
  NLinear H=336 seed 2029: epoch tốt nhất 9/10, val MSE 0.358475, test MSE 0.366638 MAE 0.404693, 4 s
→ results\sgd_etth2_20seed\NLinear_H336_seed2030.json
  NLinear H=336 seed 2030: epoch tốt nhất 6/9, val MSE 0.362468, test MSE 0.381696 MAE 0.412658, 4 s
→ results\sgd_etth2_20seed\NLinear_H720_seed2021.json
  NLinear H=720 seed 2021: epoch tốt nhất 10/10, val MSE 0.611726, test MSE 0.395153 MAE 0.436839, 6 s
→ results\sgd_etth2_20seed\NLinear_H720_seed2022.json
  NLinear H=720 seed 2022: epoch tốt nhất 8/10, val MSE 0.603124, test MSE 0.396822 MAE 0.436877, 6 s
→ results\sgd_etth2_20seed\NLinear_H720_seed2023.json
  NLinear H=720 seed 2023: epoch tốt nhất 4/7, val MSE 0.617037, test MSE 0.420056 MAE 0.451535, 4 s
→ results\sgd_etth2_20seed\NLinear_H720_seed2024.json
  NLinear H=720 seed 2024: epoch tốt nhất 1/4, val MSE 0.615828, test MSE 0.434027 MAE 0.462807, 2 s
→ results\sgd_etth2_20seed\NLinear_H720_seed2025.json
  NLinear H=720 seed 2025: epoch tốt nhất 8/10, val MSE 0.601682, test MSE 0.400738 MAE 0.439140, 6 s
→ results\sgd_etth2_20seed\NLinear_H720_seed2026.json
  NLinear H=720 seed 2026: epoch tốt nhất 6/9, val MSE 0.606897, test MSE 0.401356 MAE 0.441252, 5 s
→ results\sgd_etth2_20seed\NLinear_H720_seed2027.json
  NLinear H=720 seed 2027: epoch tốt nhất 7/10, val MSE 0.599297, test MSE 0.400319 MAE 0.437835, 5 s
→ results\sgd_etth2_20seed\NLinear_H720_seed2028.json
  NLinear H=720 seed 2028: epoch tốt nhất 9/10, val MSE 0.598373, test MSE 0.399395 MAE 0.437526, 6 s
→ results\sgd_etth2_20seed\NLinear_H720_seed2029.json
  NLinear H=720 seed 2029: epoch tốt nhất 7/10, val MSE 0.596192, test MSE 0.407895 MAE 0.440965, 5 s
→ results\sgd_etth2_20seed\NLinear_H720_seed2030.json
  NLinear H=720 seed 2030: epoch tốt nhất 8/10, val MSE 0.598816, test MSE 0.401905 MAE 0.439324, 6 s
